// Jest Snapshot v1, https://goo.gl/fbAQLP

exports[`components/Pill Pill renders with additional variants 1`] = `
.c0 {
  display: block;
  -webkit-flex-direction: row;
  -ms-flex-direction: row;
  flex-direction: row;
  border-radius: 4px;
  position: relative;
  overflow: hidden;
}

.c1 {
  padding-left: sm;
  padding-right: sm;
  padding-top: xxs;
  padding-bottom: xxs;
  font-size: 14px;
  color: grey08;
  background-color: red03;
}

<div
  class="c0 c1 pill"
>
  <span
    class=""
    role="button"
  >
    test pill
  </span>
</div>
`;
